// Jest Snapshot v1, https://goo.gl/fbAQLP

exports[`should match snapshot 1`] = `
<DocumentFragment>
  <div
    class="Box"
  >
    <p>
      box
    </p>
    <button
      class="Box-btn"
    >
      Remove 
    </button>
  </div>
</DocumentFragment>
`;
